// Jest Snapshot v1, https://goo.gl/fbAQLP

exports[`Habit Component renders 1`] = `[Function]`;
